// Jest Snapshot v1, https://goo.gl/fbAQLP

exports[`renders homepage unchanged 1`] = `
<div>
  <div
    class="container"
  >
    <section
      class="container"
    >
      <div>
        <img
          src="gmail.svg"
          style="margin-right: 4px;"
          width="20px"
        />
        <text>
          joncolque@gmail.com
        </text>
      </div>
      <div>
        <img
          src="linkedin.svg"
          style="margin-right: 4px;"
          width="20px"
        />
        <a
          href="https://www.linkedin.com/in/jon-wilson-colque-limachi-0439abb2"
          rel="noreferrer"
          target="_blank"
        >
          joncolque
        </a>
      </div>
      <div>
        <img
          src="github.svg"
          style="margin-right: 4px;"
          width="20px"
        />
        <a
          href="https://github.com/joncolque/myresume"
          rel="noreferrer"
          target="_blank"
        >
          joncolque
        </a>
      </div>
    </section>
    <footer
      class="footer"
    >
      <text>
        This page is a proof of concept builded with React on Nextjs to use: Clean architecture. Semantic html and css. Custom domain. AWS Amplify. AWS Route 53. And will be modified to test several concepts.
      </text>
      <text>
        Cooming soon: headless cypress, improve styles, explanation of Clean Architecture on React in github repo, among others.
      </text>
      <p>
        <em>
          Last updated: 27 DEC 2022.
        </em>
      </p>
    </footer>
  </div>
</div>
`;
