// Jest Snapshot v1, https://goo.gl/fbAQLP

exports[`renders homepage unchanged 1`] = `
<div>
  <div
    class="container"
  >
    <section
      class="container"
    >
      <a
        href="https://www.linkedin.com/in/jon-wilson-colque-limachi-0439abb2"
        rel="noreferrer"
        target="_blank"
      >
        <img
          data-test="linkedin"
          src="linkedin.svg"
          width="40px"
        />
      </a>
      <a
        href="https://github.com/joncolque/myresume"
        rel="noreferrer"
        target="_blank"
      >
        <img
          data-test="github"
          src="github.svg"
          width="40px"
        />
      </a>
      <a
        href="https://medium.com/@joncolque"
        rel="noreferrer"
        target="_blank"
      >
        <img
          data-test="medium"
          src="medium.svg"
          width="40px"
        />
      </a>
      <p
        data-tooltip-content="Click to copy: joncolque@gmail.com"
        id="my-element"
      >
        <img
          data-test="email"
          src="gmail.svg"
          style="cursor: pointer;"
          width="40px"
        />
      </p>
      <div
        class="react-tooltip styles-module_tooltip__mnnfp styles-module_dark__xNqje"
        role="tooltip"
      >
        Click to copy: joncolque@gmail.com
        <div
          class="react-tooltip-arrow styles-module_arrow__K0L3T"
        />
      </div>
    </section>
    <footer
      class="footer"
    >
      <text>
        This page is a proof of concept builded with React on Nextjs to use: Clean architecture. Semantic html and css. Custom domain. AWS Amplify. AWS Route 53. And will be modified to test several concepts.
      </text>
      <text>
        Cooming soon: technologies used in companies selector, download pdf, among others.
      </text>
      <p>
        <em>
          Last updated: 5 JAN 2023.
        </em>
      </p>
    </footer>
  </div>
</div>
`;
